Archive member included because of file (symbol)

/usr/local/CrossPack-AVR-20130212/lib/gcc/avr/4.6.2/avr4/libgcc.a(_exit.o)
                              /usr/local/CrossPack-AVR-20130212/lib/gcc/avr/4.6.2/../../../../avr/lib/avr4/crtm88pa.o (exit)
/usr/local/CrossPack-AVR-20130212/lib/gcc/avr/4.6.2/avr4/libgcc.a(_copy_data.o)
                              obj/Debug/fuse.o (__do_copy_data)
/usr/local/CrossPack-AVR-20130212/lib/gcc/avr/4.6.2/avr4/libgcc.a(_clear_bss.o)
                              obj/Debug/fuse.o (__do_clear_bss)
/usr/local/CrossPack-AVR-20130212/lib/gcc/avr/4.6.2/avr4/libgcc.a(_fixunssfsi.o)
                              obj/Debug/main.o (__fixunssfsi)
/usr/local/CrossPack-AVR-20130212/lib/gcc/avr/4.6.2/avr4/libgcc.a(_addsub_sf.o)
                              /usr/local/CrossPack-AVR-20130212/lib/gcc/avr/4.6.2/avr4/libgcc.a(_fixunssfsi.o) (__subsf3)
/usr/local/CrossPack-AVR-20130212/lib/gcc/avr/4.6.2/avr4/libgcc.a(_mul_sf.o)
                              obj/Debug/main.o (__mulsf3)
/usr/local/CrossPack-AVR-20130212/lib/gcc/avr/4.6.2/avr4/libgcc.a(_gt_sf.o)
                              obj/Debug/main.o (__gtsf2)
/usr/local/CrossPack-AVR-20130212/lib/gcc/avr/4.6.2/avr4/libgcc.a(_ge_sf.o)
                              /usr/local/CrossPack-AVR-20130212/lib/gcc/avr/4.6.2/avr4/libgcc.a(_fixunssfsi.o) (__gesf2)
/usr/local/CrossPack-AVR-20130212/lib/gcc/avr/4.6.2/avr4/libgcc.a(_lt_sf.o)
                              obj/Debug/main.o (__ltsf2)
/usr/local/CrossPack-AVR-20130212/lib/gcc/avr/4.6.2/avr4/libgcc.a(_sf_to_si.o)
                              /usr/local/CrossPack-AVR-20130212/lib/gcc/avr/4.6.2/avr4/libgcc.a(_fixunssfsi.o) (__fixsfsi)
/usr/local/CrossPack-AVR-20130212/lib/gcc/avr/4.6.2/avr4/libgcc.a(_thenan_sf.o)
                              /usr/local/CrossPack-AVR-20130212/lib/gcc/avr/4.6.2/avr4/libgcc.a(_addsub_sf.o) (__thenan_sf)
/usr/local/CrossPack-AVR-20130212/lib/gcc/avr/4.6.2/avr4/libgcc.a(_prologue.o)
                              /usr/local/CrossPack-AVR-20130212/lib/gcc/avr/4.6.2/avr4/libgcc.a(_addsub_sf.o) (__prologue_saves__)
/usr/local/CrossPack-AVR-20130212/lib/gcc/avr/4.6.2/avr4/libgcc.a(_epilogue.o)
                              /usr/local/CrossPack-AVR-20130212/lib/gcc/avr/4.6.2/avr4/libgcc.a(_addsub_sf.o) (__epilogue_restores__)
/usr/local/CrossPack-AVR-20130212/lib/gcc/avr/4.6.2/avr4/libgcc.a(_pack_sf.o)
                              /usr/local/CrossPack-AVR-20130212/lib/gcc/avr/4.6.2/avr4/libgcc.a(_addsub_sf.o) (__pack_f)
/usr/local/CrossPack-AVR-20130212/lib/gcc/avr/4.6.2/avr4/libgcc.a(_unpack_sf.o)
                              /usr/local/CrossPack-AVR-20130212/lib/gcc/avr/4.6.2/avr4/libgcc.a(_addsub_sf.o) (__unpack_f)
/usr/local/CrossPack-AVR-20130212/lib/gcc/avr/4.6.2/avr4/libgcc.a(_fpcmp_parts_sf.o)
                              /usr/local/CrossPack-AVR-20130212/lib/gcc/avr/4.6.2/avr4/libgcc.a(_gt_sf.o) (__fpcmp_parts_f)

Allocating common symbols
Common symbol       size              file

point               0x2               obj/Debug/main.o

Memory Configuration

Name             Origin             Length             Attributes
text             0x00000000         0x00002000         xr
data             0x00800060         0x0000ffa0         rw !x
eeprom           0x00810000         0x00010000         rw !x
fuse             0x00820000         0x00000400         rw !x
lock             0x00830000         0x00000400         rw !x
signature        0x00840000         0x00000400         rw !x
*default*        0x00000000         0xffffffff

Linker script and memory map

Address of section .data set to 0x800100
LOAD /usr/local/CrossPack-AVR-20130212/lib/gcc/avr/4.6.2/../../../../avr/lib/avr4/crtm88pa.o
LOAD obj/Debug/fuse.o
LOAD obj/Debug/main.o
LOAD /usr/local/CrossPack-AVR-20130212/lib/gcc/avr/4.6.2/avr4/libgcc.a
LOAD /usr/local/CrossPack-AVR-20130212/lib/gcc/avr/4.6.2/../../../../avr/lib/avr4/libm.a
LOAD /usr/local/CrossPack-AVR-20130212/lib/gcc/avr/4.6.2/avr4/libgcc.a
LOAD /usr/local/CrossPack-AVR-20130212/lib/gcc/avr/4.6.2/../../../../avr/lib/avr4/libc.a
LOAD /usr/local/CrossPack-AVR-20130212/lib/gcc/avr/4.6.2/avr4/libgcc.a

.hash
 *(.hash)

.dynsym
 *(.dynsym)

.dynstr
 *(.dynstr)

.gnu.version
 *(.gnu.version)

.gnu.version_d
 *(.gnu.version_d)

.gnu.version_r
 *(.gnu.version_r)

.rel.init
 *(.rel.init)

.rela.init
 *(.rela.init)

.rel.text
 *(.rel.text)
 *(.rel.text.*)
 *(.rel.gnu.linkonce.t*)

.rela.text
 *(.rela.text)
 *(.rela.text.*)
 *(.rela.gnu.linkonce.t*)

.rel.fini
 *(.rel.fini)

.rela.fini
 *(.rela.fini)

.rel.rodata
 *(.rel.rodata)
 *(.rel.rodata.*)
 *(.rel.gnu.linkonce.r*)

.rela.rodata
 *(.rela.rodata)
 *(.rela.rodata.*)
 *(.rela.gnu.linkonce.r*)

.rel.data
 *(.rel.data)
 *(.rel.data.*)
 *(.rel.gnu.linkonce.d*)

.rela.data
 *(.rela.data)
 *(.rela.data.*)
 *(.rela.gnu.linkonce.d*)

.rel.ctors
 *(.rel.ctors)

.rela.ctors
 *(.rela.ctors)

.rel.dtors
 *(.rel.dtors)

.rela.dtors
 *(.rela.dtors)

.rel.got
 *(.rel.got)

.rela.got
 *(.rela.got)

.rel.bss
 *(.rel.bss)

.rela.bss
 *(.rela.bss)

.rel.plt
 *(.rel.plt)

.rela.plt
 *(.rela.plt)

.text           0x00000000     0x145a
 *(.vectors)
 .vectors       0x00000000       0x34 /usr/local/CrossPack-AVR-20130212/lib/gcc/avr/4.6.2/../../../../avr/lib/avr4/crtm88pa.o
                0x00000000                __vectors
                0x00000000                __vector_default
 *(.vectors)
 *(.progmem.gcc*)
 *(.progmem*)
 .progmem.data  0x00000034      0x4b5 obj/Debug/main.o
                0x00000034                Ascii_1
                0x000004ea                . = ALIGN (0x2)
 *fill*         0x000004e9        0x1 00
                0x000004ea                __trampolines_start = .
 *(.trampolines)
 .trampolines   0x000004ea        0x0 linker stubs
 *(.trampolines*)
                0x000004ea                __trampolines_end = .
 *(.jumptables)
 *(.jumptables*)
 *(.lowtext)
 *(.lowtext*)
                0x000004ea                __ctors_start = .
 *(.ctors)
                0x000004ea                __ctors_end = .
                0x000004ea                __dtors_start = .
 *(.dtors)
                0x000004ea                __dtors_end = .
 SORT(*)(.ctors)
 SORT(*)(.dtors)
 *(.init0)
 .init0         0x000004ea        0x0 /usr/local/CrossPack-AVR-20130212/lib/gcc/avr/4.6.2/../../../../avr/lib/avr4/crtm88pa.o
                0x000004ea                __init
 *(.init0)
 *(.init1)
 *(.init1)
 *(.init2)
 .init2         0x000004ea        0xc /usr/local/CrossPack-AVR-20130212/lib/gcc/avr/4.6.2/../../../../avr/lib/avr4/crtm88pa.o
 *(.init2)
 *(.init3)
 *(.init3)
 *(.init4)
 .init4         0x000004f6       0x16 /usr/local/CrossPack-AVR-20130212/lib/gcc/avr/4.6.2/avr4/libgcc.a(_copy_data.o)
                0x000004f6                __do_copy_data
 .init4         0x0000050c       0x10 /usr/local/CrossPack-AVR-20130212/lib/gcc/avr/4.6.2/avr4/libgcc.a(_clear_bss.o)
                0x0000050c                __do_clear_bss
 *(.init4)
 *(.init5)
 *(.init5)
 *(.init6)
 *(.init6)
 *(.init7)
 *(.init7)
 *(.init8)
 *(.init8)
 *(.init9)
 .init9         0x0000051c        0x4 /usr/local/CrossPack-AVR-20130212/lib/gcc/avr/4.6.2/../../../../avr/lib/avr4/crtm88pa.o
 *(.init9)
 *(.text)
 .text          0x00000520        0x2 /usr/local/CrossPack-AVR-20130212/lib/gcc/avr/4.6.2/../../../../avr/lib/avr4/crtm88pa.o
                0x00000520                __vector_20
                0x00000520                __vector_1
                0x00000520                __vector_24
                0x00000520                __vector_12
                0x00000520                __bad_interrupt
                0x00000520                __vector_6
                0x00000520                __vector_3
                0x00000520                __vector_23
                0x00000520                __vector_25
                0x00000520                __vector_11
                0x00000520                __vector_13
                0x00000520                __vector_17
                0x00000520                __vector_19
                0x00000520                __vector_7
                0x00000520                __vector_5
                0x00000520                __vector_4
                0x00000520                __vector_9
                0x00000520                __vector_2
                0x00000520                __vector_21
                0x00000520                __vector_15
                0x00000520                __vector_8
                0x00000520                __vector_14
                0x00000520                __vector_10
                0x00000520                __vector_16
                0x00000520                __vector_18
                0x00000520                __vector_22
 .text          0x00000522        0x0 obj/Debug/fuse.o
 .text          0x00000522      0x43a obj/Debug/main.o
                0x00000522                main
                0x00000540                oled_init
                0x00000724                oled_clear
                0x0000079a                switchline
                0x000007ee                OLED_Display
                0x000008b0                writestring
                0x00000906                SPI_MasterInit
                0x00000930                SPI_MasterTransmit
 .text          0x0000095c        0x0 /usr/local/CrossPack-AVR-20130212/lib/gcc/avr/4.6.2/avr4/libgcc.a(_exit.o)
 .text          0x0000095c        0x0 /usr/local/CrossPack-AVR-20130212/lib/gcc/avr/4.6.2/avr4/libgcc.a(_copy_data.o)
 .text          0x0000095c        0x0 /usr/local/CrossPack-AVR-20130212/lib/gcc/avr/4.6.2/avr4/libgcc.a(_clear_bss.o)
 .text          0x0000095c       0x58 /usr/local/CrossPack-AVR-20130212/lib/gcc/avr/4.6.2/avr4/libgcc.a(_fixunssfsi.o)
                0x0000095c                __fixunssfsi
 .text          0x000009b4      0x35e /usr/local/CrossPack-AVR-20130212/lib/gcc/avr/4.6.2/avr4/libgcc.a(_addsub_sf.o)
                0x00000c52                __addsf3
                0x00000cae                __subsf3
 .text          0x00000d12      0x1f8 /usr/local/CrossPack-AVR-20130212/lib/gcc/avr/4.6.2/avr4/libgcc.a(_mul_sf.o)
                0x00000d12                __mulsf3
 .text          0x00000f0a       0x58 /usr/local/CrossPack-AVR-20130212/lib/gcc/avr/4.6.2/avr4/libgcc.a(_gt_sf.o)
                0x00000f0a                __gtsf2
 .text          0x00000f62       0x58 /usr/local/CrossPack-AVR-20130212/lib/gcc/avr/4.6.2/avr4/libgcc.a(_ge_sf.o)
                0x00000f62                __gesf2
 .text          0x00000fba       0x58 /usr/local/CrossPack-AVR-20130212/lib/gcc/avr/4.6.2/avr4/libgcc.a(_lt_sf.o)
                0x00000fba                __ltsf2
 .text          0x00001012       0x9c /usr/local/CrossPack-AVR-20130212/lib/gcc/avr/4.6.2/avr4/libgcc.a(_sf_to_si.o)
                0x00001012                __fixsfsi
 .text          0x000010ae        0x0 /usr/local/CrossPack-AVR-20130212/lib/gcc/avr/4.6.2/avr4/libgcc.a(_thenan_sf.o)
 .text          0x000010ae        0x0 /usr/local/CrossPack-AVR-20130212/lib/gcc/avr/4.6.2/avr4/libgcc.a(_prologue.o)
 .text          0x000010ae        0x0 /usr/local/CrossPack-AVR-20130212/lib/gcc/avr/4.6.2/avr4/libgcc.a(_epilogue.o)
 .text          0x000010ae      0x1ae /usr/local/CrossPack-AVR-20130212/lib/gcc/avr/4.6.2/avr4/libgcc.a(_pack_sf.o)
                0x000010ae                __pack_f
 .text          0x0000125c       0xd2 /usr/local/CrossPack-AVR-20130212/lib/gcc/avr/4.6.2/avr4/libgcc.a(_unpack_sf.o)
                0x0000125c                __unpack_f
 .text          0x0000132e       0xba /usr/local/CrossPack-AVR-20130212/lib/gcc/avr/4.6.2/avr4/libgcc.a(_fpcmp_parts_sf.o)
                0x0000132e                __fpcmp_parts_f
                0x000013e8                . = ALIGN (0x2)
 *(.text.*)
 .text.libgcc   0x000013e8        0x0 /usr/local/CrossPack-AVR-20130212/lib/gcc/avr/4.6.2/avr4/libgcc.a(_exit.o)
 .text.libgcc   0x000013e8        0x0 /usr/local/CrossPack-AVR-20130212/lib/gcc/avr/4.6.2/avr4/libgcc.a(_copy_data.o)
 .text.libgcc   0x000013e8        0x0 /usr/local/CrossPack-AVR-20130212/lib/gcc/avr/4.6.2/avr4/libgcc.a(_clear_bss.o)
 .text.libgcc   0x000013e8       0x38 /usr/local/CrossPack-AVR-20130212/lib/gcc/avr/4.6.2/avr4/libgcc.a(_prologue.o)
                0x000013e8                __prologue_saves__
 .text.libgcc   0x00001420       0x36 /usr/local/CrossPack-AVR-20130212/lib/gcc/avr/4.6.2/avr4/libgcc.a(_epilogue.o)
                0x00001420                __epilogue_restores__
                0x00001456                . = ALIGN (0x2)
 *(.fini9)
 .fini9         0x00001456        0x0 /usr/local/CrossPack-AVR-20130212/lib/gcc/avr/4.6.2/avr4/libgcc.a(_exit.o)
                0x00001456                exit
                0x00001456                _exit
 *(.fini9)
 *(.fini8)
 *(.fini8)
 *(.fini7)
 *(.fini7)
 *(.fini6)
 *(.fini6)
 *(.fini5)
 *(.fini5)
 *(.fini4)
 *(.fini4)
 *(.fini3)
 *(.fini3)
 *(.fini2)
 *(.fini2)
 *(.fini1)
 *(.fini1)
 *(.fini0)
 .fini0         0x00001456        0x4 /usr/local/CrossPack-AVR-20130212/lib/gcc/avr/4.6.2/avr4/libgcc.a(_exit.o)
 *(.fini0)
                0x0000145a                _etext = .

.data           0x00800100       0xb2 load address 0x0000145a
                0x00800100                PROVIDE (__data_start, .)
 *(.data)
 .data          0x00800100        0x0 /usr/local/CrossPack-AVR-20130212/lib/gcc/avr/4.6.2/../../../../avr/lib/avr4/crtm88pa.o
 .data          0x00800100        0x0 obj/Debug/fuse.o
 .data          0x00800100       0xa9 obj/Debug/main.o
 .data          0x008001a9        0x0 /usr/local/CrossPack-AVR-20130212/lib/gcc/avr/4.6.2/avr4/libgcc.a(_exit.o)
 .data          0x008001a9        0x0 /usr/local/CrossPack-AVR-20130212/lib/gcc/avr/4.6.2/avr4/libgcc.a(_copy_data.o)
 .data          0x008001a9        0x0 /usr/local/CrossPack-AVR-20130212/lib/gcc/avr/4.6.2/avr4/libgcc.a(_clear_bss.o)
 .data          0x008001a9        0x0 /usr/local/CrossPack-AVR-20130212/lib/gcc/avr/4.6.2/avr4/libgcc.a(_fixunssfsi.o)
 .data          0x008001a9        0x0 /usr/local/CrossPack-AVR-20130212/lib/gcc/avr/4.6.2/avr4/libgcc.a(_addsub_sf.o)
 .data          0x008001a9        0x0 /usr/local/CrossPack-AVR-20130212/lib/gcc/avr/4.6.2/avr4/libgcc.a(_mul_sf.o)
 .data          0x008001a9        0x0 /usr/local/CrossPack-AVR-20130212/lib/gcc/avr/4.6.2/avr4/libgcc.a(_gt_sf.o)
 .data          0x008001a9        0x0 /usr/local/CrossPack-AVR-20130212/lib/gcc/avr/4.6.2/avr4/libgcc.a(_ge_sf.o)
 .data          0x008001a9        0x0 /usr/local/CrossPack-AVR-20130212/lib/gcc/avr/4.6.2/avr4/libgcc.a(_lt_sf.o)
 .data          0x008001a9        0x0 /usr/local/CrossPack-AVR-20130212/lib/gcc/avr/4.6.2/avr4/libgcc.a(_sf_to_si.o)
 .data          0x008001a9        0x8 /usr/local/CrossPack-AVR-20130212/lib/gcc/avr/4.6.2/avr4/libgcc.a(_thenan_sf.o)
                0x008001a9                __thenan_sf
 .data          0x008001b1        0x0 /usr/local/CrossPack-AVR-20130212/lib/gcc/avr/4.6.2/avr4/libgcc.a(_prologue.o)
 .data          0x008001b1        0x0 /usr/local/CrossPack-AVR-20130212/lib/gcc/avr/4.6.2/avr4/libgcc.a(_epilogue.o)
 .data          0x008001b1        0x0 /usr/local/CrossPack-AVR-20130212/lib/gcc/avr/4.6.2/avr4/libgcc.a(_pack_sf.o)
 .data          0x008001b1        0x0 /usr/local/CrossPack-AVR-20130212/lib/gcc/avr/4.6.2/avr4/libgcc.a(_unpack_sf.o)
 .data          0x008001b1        0x0 /usr/local/CrossPack-AVR-20130212/lib/gcc/avr/4.6.2/avr4/libgcc.a(_fpcmp_parts_sf.o)
 *(.data*)
 *(.rodata)
 *(.rodata*)
 *(.gnu.linkonce.d*)
                0x008001b2                . = ALIGN (0x2)
 *fill*         0x008001b1        0x1 00
                0x008001b2                _edata = .
                0x008001b2                PROVIDE (__data_end, .)

.bss            0x008001b2        0x2
                0x008001b2                PROVIDE (__bss_start, .)
 *(.bss)
 .bss           0x008001b2        0x0 /usr/local/CrossPack-AVR-20130212/lib/gcc/avr/4.6.2/../../../../avr/lib/avr4/crtm88pa.o
 .bss           0x008001b2        0x0 obj/Debug/fuse.o
 .bss           0x008001b2        0x0 obj/Debug/main.o
 .bss           0x008001b2        0x0 /usr/local/CrossPack-AVR-20130212/lib/gcc/avr/4.6.2/avr4/libgcc.a(_exit.o)
 .bss           0x008001b2        0x0 /usr/local/CrossPack-AVR-20130212/lib/gcc/avr/4.6.2/avr4/libgcc.a(_copy_data.o)
 .bss           0x008001b2        0x0 /usr/local/CrossPack-AVR-20130212/lib/gcc/avr/4.6.2/avr4/libgcc.a(_clear_bss.o)
 .bss           0x008001b2        0x0 /usr/local/CrossPack-AVR-20130212/lib/gcc/avr/4.6.2/avr4/libgcc.a(_fixunssfsi.o)
 .bss           0x008001b2        0x0 /usr/local/CrossPack-AVR-20130212/lib/gcc/avr/4.6.2/avr4/libgcc.a(_addsub_sf.o)
 .bss           0x008001b2        0x0 /usr/local/CrossPack-AVR-20130212/lib/gcc/avr/4.6.2/avr4/libgcc.a(_mul_sf.o)
 .bss           0x008001b2        0x0 /usr/local/CrossPack-AVR-20130212/lib/gcc/avr/4.6.2/avr4/libgcc.a(_gt_sf.o)
 .bss           0x008001b2        0x0 /usr/local/CrossPack-AVR-20130212/lib/gcc/avr/4.6.2/avr4/libgcc.a(_ge_sf.o)
 .bss           0x008001b2        0x0 /usr/local/CrossPack-AVR-20130212/lib/gcc/avr/4.6.2/avr4/libgcc.a(_lt_sf.o)
 .bss           0x008001b2        0x0 /usr/local/CrossPack-AVR-20130212/lib/gcc/avr/4.6.2/avr4/libgcc.a(_sf_to_si.o)
 .bss           0x008001b2        0x0 /usr/local/CrossPack-AVR-20130212/lib/gcc/avr/4.6.2/avr4/libgcc.a(_thenan_sf.o)
 .bss           0x008001b2        0x0 /usr/local/CrossPack-AVR-20130212/lib/gcc/avr/4.6.2/avr4/libgcc.a(_prologue.o)
 .bss           0x008001b2        0x0 /usr/local/CrossPack-AVR-20130212/lib/gcc/avr/4.6.2/avr4/libgcc.a(_epilogue.o)
 .bss           0x008001b2        0x0 /usr/local/CrossPack-AVR-20130212/lib/gcc/avr/4.6.2/avr4/libgcc.a(_pack_sf.o)
 .bss           0x008001b2        0x0 /usr/local/CrossPack-AVR-20130212/lib/gcc/avr/4.6.2/avr4/libgcc.a(_unpack_sf.o)
 .bss           0x008001b2        0x0 /usr/local/CrossPack-AVR-20130212/lib/gcc/avr/4.6.2/avr4/libgcc.a(_fpcmp_parts_sf.o)
 *(.bss*)
 *(COMMON)
 COMMON         0x008001b2        0x2 obj/Debug/main.o
                0x008001b2                point
                0x008001b4                PROVIDE (__bss_end, .)
                0x0000145a                __data_load_start = LOADADDR (.data)
                0x0000150c                __data_load_end = (__data_load_start + SIZEOF (.data))

.noinit         0x008001b4        0x0
                0x008001b4                PROVIDE (__noinit_start, .)
 *(.noinit*)
                0x008001b4                PROVIDE (__noinit_end, .)
                0x008001b4                _end = .
                0x008001b4                PROVIDE (__heap_start, .)

.eeprom         0x00810000        0x0
 *(.eeprom*)
                0x00810000                __eeprom_end = .

.fuse           0x00820000        0x3
 *(.fuse)
 .fuse          0x00820000        0x3 obj/Debug/fuse.o
                0x00820000                __fuse
 *(.lfuse)
 *(.hfuse)
 *(.efuse)

.lock
 *(.lock*)

.signature
 *(.signature*)

.stab           0x00000000      0x6cc
 *(.stab)
 .stab          0x00000000      0x6cc /usr/local/CrossPack-AVR-20130212/lib/gcc/avr/4.6.2/../../../../avr/lib/avr4/crtm88pa.o

.stabstr        0x00000000       0x81
 *(.stabstr)
 .stabstr       0x00000000       0x81 /usr/local/CrossPack-AVR-20130212/lib/gcc/avr/4.6.2/../../../../avr/lib/avr4/crtm88pa.o

.stab.excl
 *(.stab.excl)

.stab.exclstr
 *(.stab.exclstr)

.stab.index
 *(.stab.index)

.stab.indexstr
 *(.stab.indexstr)

.comment
 *(.comment)

.debug
 *(.debug)

.line
 *(.line)

.debug_srcinfo
 *(.debug_srcinfo)

.debug_sfnames
 *(.debug_sfnames)

.debug_aranges  0x00000000      0x200
 *(.debug_aranges)
 .debug_aranges
                0x00000000       0x20 obj/Debug/main.o
 .debug_aranges
                0x00000020       0x20 /usr/local/CrossPack-AVR-20130212/lib/gcc/avr/4.6.2/avr4/libgcc.a(_exit.o)
 .debug_aranges
                0x00000040       0x20 /usr/local/CrossPack-AVR-20130212/lib/gcc/avr/4.6.2/avr4/libgcc.a(_copy_data.o)
 .debug_aranges
                0x00000060       0x20 /usr/local/CrossPack-AVR-20130212/lib/gcc/avr/4.6.2/avr4/libgcc.a(_clear_bss.o)
 .debug_aranges
                0x00000080       0x20 /usr/local/CrossPack-AVR-20130212/lib/gcc/avr/4.6.2/avr4/libgcc.a(_fixunssfsi.o)
 .debug_aranges
                0x000000a0       0x20 /usr/local/CrossPack-AVR-20130212/lib/gcc/avr/4.6.2/avr4/libgcc.a(_addsub_sf.o)
 .debug_aranges
                0x000000c0       0x20 /usr/local/CrossPack-AVR-20130212/lib/gcc/avr/4.6.2/avr4/libgcc.a(_mul_sf.o)
 .debug_aranges
                0x000000e0       0x20 /usr/local/CrossPack-AVR-20130212/lib/gcc/avr/4.6.2/avr4/libgcc.a(_gt_sf.o)
 .debug_aranges
                0x00000100       0x20 /usr/local/CrossPack-AVR-20130212/lib/gcc/avr/4.6.2/avr4/libgcc.a(_ge_sf.o)
 .debug_aranges
                0x00000120       0x20 /usr/local/CrossPack-AVR-20130212/lib/gcc/avr/4.6.2/avr4/libgcc.a(_lt_sf.o)
 .debug_aranges
                0x00000140       0x20 /usr/local/CrossPack-AVR-20130212/lib/gcc/avr/4.6.2/avr4/libgcc.a(_sf_to_si.o)
 .debug_aranges
                0x00000160       0x20 /usr/local/CrossPack-AVR-20130212/lib/gcc/avr/4.6.2/avr4/libgcc.a(_prologue.o)
 .debug_aranges
                0x00000180       0x20 /usr/local/CrossPack-AVR-20130212/lib/gcc/avr/4.6.2/avr4/libgcc.a(_epilogue.o)
 .debug_aranges
                0x000001a0       0x20 /usr/local/CrossPack-AVR-20130212/lib/gcc/avr/4.6.2/avr4/libgcc.a(_pack_sf.o)
 .debug_aranges
                0x000001c0       0x20 /usr/local/CrossPack-AVR-20130212/lib/gcc/avr/4.6.2/avr4/libgcc.a(_unpack_sf.o)
 .debug_aranges
                0x000001e0       0x20 /usr/local/CrossPack-AVR-20130212/lib/gcc/avr/4.6.2/avr4/libgcc.a(_fpcmp_parts_sf.o)

.debug_pubnames
 *(.debug_pubnames)

.debug_info     0x00000000     0x237c
 *(.debug_info)
 .debug_info    0x00000000       0xae obj/Debug/fuse.o
 .debug_info    0x000000ae      0x33e obj/Debug/main.o
 .debug_info    0x000003ec       0xc0 /usr/local/CrossPack-AVR-20130212/lib/gcc/avr/4.6.2/avr4/libgcc.a(_exit.o)
 .debug_info    0x000004ac       0xc0 /usr/local/CrossPack-AVR-20130212/lib/gcc/avr/4.6.2/avr4/libgcc.a(_copy_data.o)
 .debug_info    0x0000056c       0xc0 /usr/local/CrossPack-AVR-20130212/lib/gcc/avr/4.6.2/avr4/libgcc.a(_clear_bss.o)
 .debug_info    0x0000062c       0xbd /usr/local/CrossPack-AVR-20130212/lib/gcc/avr/4.6.2/avr4/libgcc.a(_fixunssfsi.o)
 .debug_info    0x000006e9      0x455 /usr/local/CrossPack-AVR-20130212/lib/gcc/avr/4.6.2/avr4/libgcc.a(_addsub_sf.o)
 .debug_info    0x00000b3e      0x3f8 /usr/local/CrossPack-AVR-20130212/lib/gcc/avr/4.6.2/avr4/libgcc.a(_mul_sf.o)
 .debug_info    0x00000f36      0x28a /usr/local/CrossPack-AVR-20130212/lib/gcc/avr/4.6.2/avr4/libgcc.a(_gt_sf.o)
 .debug_info    0x000011c0      0x28a /usr/local/CrossPack-AVR-20130212/lib/gcc/avr/4.6.2/avr4/libgcc.a(_ge_sf.o)
 .debug_info    0x0000144a      0x28a /usr/local/CrossPack-AVR-20130212/lib/gcc/avr/4.6.2/avr4/libgcc.a(_lt_sf.o)
 .debug_info    0x000016d4      0x2a5 /usr/local/CrossPack-AVR-20130212/lib/gcc/avr/4.6.2/avr4/libgcc.a(_sf_to_si.o)
 .debug_info    0x00001979      0x15e /usr/local/CrossPack-AVR-20130212/lib/gcc/avr/4.6.2/avr4/libgcc.a(_thenan_sf.o)
 .debug_info    0x00001ad7       0xc0 /usr/local/CrossPack-AVR-20130212/lib/gcc/avr/4.6.2/avr4/libgcc.a(_prologue.o)
 .debug_info    0x00001b97       0xc0 /usr/local/CrossPack-AVR-20130212/lib/gcc/avr/4.6.2/avr4/libgcc.a(_epilogue.o)
 .debug_info    0x00001c57      0x2d5 /usr/local/CrossPack-AVR-20130212/lib/gcc/avr/4.6.2/avr4/libgcc.a(_pack_sf.o)
 .debug_info    0x00001f2c      0x25c /usr/local/CrossPack-AVR-20130212/lib/gcc/avr/4.6.2/avr4/libgcc.a(_unpack_sf.o)
 .debug_info    0x00002188      0x1f4 /usr/local/CrossPack-AVR-20130212/lib/gcc/avr/4.6.2/avr4/libgcc.a(_fpcmp_parts_sf.o)
 *(.gnu.linkonce.wi.*)

.debug_abbrev   0x00000000     0x108c
 *(.debug_abbrev)
 .debug_abbrev  0x00000000       0x73 obj/Debug/fuse.o
 .debug_abbrev  0x00000073      0x1c2 obj/Debug/main.o
 .debug_abbrev  0x00000235       0x14 /usr/local/CrossPack-AVR-20130212/lib/gcc/avr/4.6.2/avr4/libgcc.a(_exit.o)
 .debug_abbrev  0x00000249       0x14 /usr/local/CrossPack-AVR-20130212/lib/gcc/avr/4.6.2/avr4/libgcc.a(_copy_data.o)
 .debug_abbrev  0x0000025d       0x14 /usr/local/CrossPack-AVR-20130212/lib/gcc/avr/4.6.2/avr4/libgcc.a(_clear_bss.o)
 .debug_abbrev  0x00000271       0x5d /usr/local/CrossPack-AVR-20130212/lib/gcc/avr/4.6.2/avr4/libgcc.a(_fixunssfsi.o)
 .debug_abbrev  0x000002ce      0x1af /usr/local/CrossPack-AVR-20130212/lib/gcc/avr/4.6.2/avr4/libgcc.a(_addsub_sf.o)
 .debug_abbrev  0x0000047d      0x1d2 /usr/local/CrossPack-AVR-20130212/lib/gcc/avr/4.6.2/avr4/libgcc.a(_mul_sf.o)
 .debug_abbrev  0x0000064f      0x151 /usr/local/CrossPack-AVR-20130212/lib/gcc/avr/4.6.2/avr4/libgcc.a(_gt_sf.o)
 .debug_abbrev  0x000007a0      0x151 /usr/local/CrossPack-AVR-20130212/lib/gcc/avr/4.6.2/avr4/libgcc.a(_ge_sf.o)
 .debug_abbrev  0x000008f1      0x151 /usr/local/CrossPack-AVR-20130212/lib/gcc/avr/4.6.2/avr4/libgcc.a(_lt_sf.o)
 .debug_abbrev  0x00000a42      0x160 /usr/local/CrossPack-AVR-20130212/lib/gcc/avr/4.6.2/avr4/libgcc.a(_sf_to_si.o)
 .debug_abbrev  0x00000ba2       0xcb /usr/local/CrossPack-AVR-20130212/lib/gcc/avr/4.6.2/avr4/libgcc.a(_thenan_sf.o)
 .debug_abbrev  0x00000c6d       0x14 /usr/local/CrossPack-AVR-20130212/lib/gcc/avr/4.6.2/avr4/libgcc.a(_prologue.o)
 .debug_abbrev  0x00000c81       0x14 /usr/local/CrossPack-AVR-20130212/lib/gcc/avr/4.6.2/avr4/libgcc.a(_epilogue.o)
 .debug_abbrev  0x00000c95      0x192 /usr/local/CrossPack-AVR-20130212/lib/gcc/avr/4.6.2/avr4/libgcc.a(_pack_sf.o)
 .debug_abbrev  0x00000e27      0x14b /usr/local/CrossPack-AVR-20130212/lib/gcc/avr/4.6.2/avr4/libgcc.a(_unpack_sf.o)
 .debug_abbrev  0x00000f72      0x11a /usr/local/CrossPack-AVR-20130212/lib/gcc/avr/4.6.2/avr4/libgcc.a(_fpcmp_parts_sf.o)

.debug_line     0x00000000      0xac3
 *(.debug_line)
 .debug_line    0x00000000       0x7e obj/Debug/fuse.o
 .debug_line    0x0000007e      0x1b7 obj/Debug/main.o
 .debug_line    0x00000235       0x5c /usr/local/CrossPack-AVR-20130212/lib/gcc/avr/4.6.2/avr4/libgcc.a(_exit.o)
 .debug_line    0x00000291       0x65 /usr/local/CrossPack-AVR-20130212/lib/gcc/avr/4.6.2/avr4/libgcc.a(_copy_data.o)
 .debug_line    0x000002f6       0x62 /usr/local/CrossPack-AVR-20130212/lib/gcc/avr/4.6.2/avr4/libgcc.a(_clear_bss.o)
 .debug_line    0x00000358       0x62 /usr/local/CrossPack-AVR-20130212/lib/gcc/avr/4.6.2/avr4/libgcc.a(_fixunssfsi.o)
 .debug_line    0x000003ba       0xdd /usr/local/CrossPack-AVR-20130212/lib/gcc/avr/4.6.2/avr4/libgcc.a(_addsub_sf.o)
 .debug_line    0x00000497       0xdd /usr/local/CrossPack-AVR-20130212/lib/gcc/avr/4.6.2/avr4/libgcc.a(_mul_sf.o)
 .debug_line    0x00000574       0x81 /usr/local/CrossPack-AVR-20130212/lib/gcc/avr/4.6.2/avr4/libgcc.a(_gt_sf.o)
 .debug_line    0x000005f5       0x81 /usr/local/CrossPack-AVR-20130212/lib/gcc/avr/4.6.2/avr4/libgcc.a(_ge_sf.o)
 .debug_line    0x00000676       0x81 /usr/local/CrossPack-AVR-20130212/lib/gcc/avr/4.6.2/avr4/libgcc.a(_lt_sf.o)
 .debug_line    0x000006f7       0x86 /usr/local/CrossPack-AVR-20130212/lib/gcc/avr/4.6.2/avr4/libgcc.a(_sf_to_si.o)
 .debug_line    0x0000077d       0x62 /usr/local/CrossPack-AVR-20130212/lib/gcc/avr/4.6.2/avr4/libgcc.a(_thenan_sf.o)
 .debug_line    0x000007df       0x76 /usr/local/CrossPack-AVR-20130212/lib/gcc/avr/4.6.2/avr4/libgcc.a(_prologue.o)
 .debug_line    0x00000855       0x75 /usr/local/CrossPack-AVR-20130212/lib/gcc/avr/4.6.2/avr4/libgcc.a(_epilogue.o)
 .debug_line    0x000008ca       0xba /usr/local/CrossPack-AVR-20130212/lib/gcc/avr/4.6.2/avr4/libgcc.a(_pack_sf.o)
 .debug_line    0x00000984       0x95 /usr/local/CrossPack-AVR-20130212/lib/gcc/avr/4.6.2/avr4/libgcc.a(_unpack_sf.o)
 .debug_line    0x00000a19       0xaa /usr/local/CrossPack-AVR-20130212/lib/gcc/avr/4.6.2/avr4/libgcc.a(_fpcmp_parts_sf.o)

.debug_frame    0x00000000      0x370
 *(.debug_frame)
 .debug_frame   0x00000000      0x124 obj/Debug/main.o
 .debug_frame   0x00000124       0x44 /usr/local/CrossPack-AVR-20130212/lib/gcc/avr/4.6.2/avr4/libgcc.a(_fixunssfsi.o)
 .debug_frame   0x00000168       0x78 /usr/local/CrossPack-AVR-20130212/lib/gcc/avr/4.6.2/avr4/libgcc.a(_addsub_sf.o)
 .debug_frame   0x000001e0       0x48 /usr/local/CrossPack-AVR-20130212/lib/gcc/avr/4.6.2/avr4/libgcc.a(_mul_sf.o)
 .debug_frame   0x00000228       0x2c /usr/local/CrossPack-AVR-20130212/lib/gcc/avr/4.6.2/avr4/libgcc.a(_gt_sf.o)
 .debug_frame   0x00000254       0x2c /usr/local/CrossPack-AVR-20130212/lib/gcc/avr/4.6.2/avr4/libgcc.a(_ge_sf.o)
 .debug_frame   0x00000280       0x2c /usr/local/CrossPack-AVR-20130212/lib/gcc/avr/4.6.2/avr4/libgcc.a(_lt_sf.o)
 .debug_frame   0x000002ac       0x30 /usr/local/CrossPack-AVR-20130212/lib/gcc/avr/4.6.2/avr4/libgcc.a(_sf_to_si.o)
 .debug_frame   0x000002dc       0x44 /usr/local/CrossPack-AVR-20130212/lib/gcc/avr/4.6.2/avr4/libgcc.a(_pack_sf.o)
 .debug_frame   0x00000320       0x24 /usr/local/CrossPack-AVR-20130212/lib/gcc/avr/4.6.2/avr4/libgcc.a(_unpack_sf.o)
 .debug_frame   0x00000344       0x2c /usr/local/CrossPack-AVR-20130212/lib/gcc/avr/4.6.2/avr4/libgcc.a(_fpcmp_parts_sf.o)

.debug_str      0x00000000      0x406
 *(.debug_str)
 .debug_str     0x00000000       0x8c obj/Debug/fuse.o
                                 0xc5 (size before relaxing)
 .debug_str     0x0000008c       0xea obj/Debug/main.o
                                0x19a (size before relaxing)
 .debug_str     0x00000176       0xba /usr/local/CrossPack-AVR-20130212/lib/gcc/avr/4.6.2/avr4/libgcc.a(_fixunssfsi.o)
                                0x13f (size before relaxing)
 .debug_str     0x00000230      0x155 /usr/local/CrossPack-AVR-20130212/lib/gcc/avr/4.6.2/avr4/libgcc.a(_addsub_sf.o)
                                0x252 (size before relaxing)
 .debug_str     0x00000385       0x27 /usr/local/CrossPack-AVR-20130212/lib/gcc/avr/4.6.2/avr4/libgcc.a(_mul_sf.o)
                                0x20b (size before relaxing)
 .debug_str     0x000003ac        0xf /usr/local/CrossPack-AVR-20130212/lib/gcc/avr/4.6.2/avr4/libgcc.a(_gt_sf.o)
                                0x1d9 (size before relaxing)
 .debug_str     0x000003bb        0x8 /usr/local/CrossPack-AVR-20130212/lib/gcc/avr/4.6.2/avr4/libgcc.a(_ge_sf.o)
                                0x1d9 (size before relaxing)
 .debug_str     0x000003c3        0x8 /usr/local/CrossPack-AVR-20130212/lib/gcc/avr/4.6.2/avr4/libgcc.a(_lt_sf.o)
                                0x1d9 (size before relaxing)
 .debug_str     0x000003cb        0xa /usr/local/CrossPack-AVR-20130212/lib/gcc/avr/4.6.2/avr4/libgcc.a(_sf_to_si.o)
                                0x1e2 (size before relaxing)
 .debug_str     0x00000000      0x184 /usr/local/CrossPack-AVR-20130212/lib/gcc/avr/4.6.2/avr4/libgcc.a(_thenan_sf.o)
 .debug_str     0x000003d5       0x16 /usr/local/CrossPack-AVR-20130212/lib/gcc/avr/4.6.2/avr4/libgcc.a(_pack_sf.o)
                                0x1e1 (size before relaxing)
 .debug_str     0x000003eb        0xb /usr/local/CrossPack-AVR-20130212/lib/gcc/avr/4.6.2/avr4/libgcc.a(_unpack_sf.o)
                                0x1c3 (size before relaxing)
 .debug_str     0x000003f6       0x10 /usr/local/CrossPack-AVR-20130212/lib/gcc/avr/4.6.2/avr4/libgcc.a(_fpcmp_parts_sf.o)
                                0x1a7 (size before relaxing)

.debug_loc      0x00000000      0xcfd
 *(.debug_loc)
 .debug_loc     0x00000000      0x240 obj/Debug/main.o
 .debug_loc     0x00000240       0x97 /usr/local/CrossPack-AVR-20130212/lib/gcc/avr/4.6.2/avr4/libgcc.a(_fixunssfsi.o)
 .debug_loc     0x000002d7      0x374 /usr/local/CrossPack-AVR-20130212/lib/gcc/avr/4.6.2/avr4/libgcc.a(_addsub_sf.o)
 .debug_loc     0x0000064b      0x1e5 /usr/local/CrossPack-AVR-20130212/lib/gcc/avr/4.6.2/avr4/libgcc.a(_mul_sf.o)
 .debug_loc     0x00000830       0x69 /usr/local/CrossPack-AVR-20130212/lib/gcc/avr/4.6.2/avr4/libgcc.a(_gt_sf.o)
 .debug_loc     0x00000899       0x69 /usr/local/CrossPack-AVR-20130212/lib/gcc/avr/4.6.2/avr4/libgcc.a(_ge_sf.o)
 .debug_loc     0x00000902       0x69 /usr/local/CrossPack-AVR-20130212/lib/gcc/avr/4.6.2/avr4/libgcc.a(_lt_sf.o)
 .debug_loc     0x0000096b       0x77 /usr/local/CrossPack-AVR-20130212/lib/gcc/avr/4.6.2/avr4/libgcc.a(_sf_to_si.o)
 .debug_loc     0x000009e2      0x1ec /usr/local/CrossPack-AVR-20130212/lib/gcc/avr/4.6.2/avr4/libgcc.a(_pack_sf.o)
 .debug_loc     0x00000bce       0xe5 /usr/local/CrossPack-AVR-20130212/lib/gcc/avr/4.6.2/avr4/libgcc.a(_unpack_sf.o)
 .debug_loc     0x00000cb3       0x4a /usr/local/CrossPack-AVR-20130212/lib/gcc/avr/4.6.2/avr4/libgcc.a(_fpcmp_parts_sf.o)

.debug_macinfo
 *(.debug_macinfo)
OUTPUT(bin/Debug/OLED-M88.elf elf32-avr)
LOAD linker stubs

.debug_ranges   0x00000000       0x18
 .debug_ranges  0x00000000       0x18 /usr/local/CrossPack-AVR-20130212/lib/gcc/avr/4.6.2/avr4/libgcc.a(_mul_sf.o)

Cross Reference Table

Symbol                                            File
Ascii_1                                           obj/Debug/main.o
OLED_Display                                      obj/Debug/main.o
SPI_MasterInit                                    obj/Debug/main.o
SPI_MasterTransmit                                obj/Debug/main.o
__addsf3                                          /usr/local/CrossPack-AVR-20130212/lib/gcc/avr/4.6.2/avr4/libgcc.a(_addsub_sf.o)
__bad_interrupt                                   /usr/local/CrossPack-AVR-20130212/lib/gcc/avr/4.6.2/../../../../avr/lib/avr4/crtm88pa.o
__bss_end                                         /usr/local/CrossPack-AVR-20130212/lib/gcc/avr/4.6.2/avr4/libgcc.a(_clear_bss.o)
__bss_start                                       /usr/local/CrossPack-AVR-20130212/lib/gcc/avr/4.6.2/avr4/libgcc.a(_clear_bss.o)
__data_end                                        /usr/local/CrossPack-AVR-20130212/lib/gcc/avr/4.6.2/avr4/libgcc.a(_copy_data.o)
__data_load_start                                 /usr/local/CrossPack-AVR-20130212/lib/gcc/avr/4.6.2/avr4/libgcc.a(_copy_data.o)
__data_start                                      /usr/local/CrossPack-AVR-20130212/lib/gcc/avr/4.6.2/avr4/libgcc.a(_copy_data.o)
__do_clear_bss                                    /usr/local/CrossPack-AVR-20130212/lib/gcc/avr/4.6.2/avr4/libgcc.a(_clear_bss.o)
                                                  /usr/local/CrossPack-AVR-20130212/lib/gcc/avr/4.6.2/avr4/libgcc.a(_fpcmp_parts_sf.o)
                                                  /usr/local/CrossPack-AVR-20130212/lib/gcc/avr/4.6.2/avr4/libgcc.a(_unpack_sf.o)
                                                  /usr/local/CrossPack-AVR-20130212/lib/gcc/avr/4.6.2/avr4/libgcc.a(_pack_sf.o)
                                                  /usr/local/CrossPack-AVR-20130212/lib/gcc/avr/4.6.2/avr4/libgcc.a(_thenan_sf.o)
                                                  /usr/local/CrossPack-AVR-20130212/lib/gcc/avr/4.6.2/avr4/libgcc.a(_sf_to_si.o)
                                                  /usr/local/CrossPack-AVR-20130212/lib/gcc/avr/4.6.2/avr4/libgcc.a(_lt_sf.o)
                                                  /usr/local/CrossPack-AVR-20130212/lib/gcc/avr/4.6.2/avr4/libgcc.a(_ge_sf.o)
                                                  /usr/local/CrossPack-AVR-20130212/lib/gcc/avr/4.6.2/avr4/libgcc.a(_gt_sf.o)
                                                  /usr/local/CrossPack-AVR-20130212/lib/gcc/avr/4.6.2/avr4/libgcc.a(_mul_sf.o)
                                                  /usr/local/CrossPack-AVR-20130212/lib/gcc/avr/4.6.2/avr4/libgcc.a(_addsub_sf.o)
                                                  /usr/local/CrossPack-AVR-20130212/lib/gcc/avr/4.6.2/avr4/libgcc.a(_fixunssfsi.o)
                                                  obj/Debug/main.o
                                                  obj/Debug/fuse.o
__do_copy_data                                    /usr/local/CrossPack-AVR-20130212/lib/gcc/avr/4.6.2/avr4/libgcc.a(_copy_data.o)
                                                  /usr/local/CrossPack-AVR-20130212/lib/gcc/avr/4.6.2/avr4/libgcc.a(_fpcmp_parts_sf.o)
                                                  /usr/local/CrossPack-AVR-20130212/lib/gcc/avr/4.6.2/avr4/libgcc.a(_unpack_sf.o)
                                                  /usr/local/CrossPack-AVR-20130212/lib/gcc/avr/4.6.2/avr4/libgcc.a(_pack_sf.o)
                                                  /usr/local/CrossPack-AVR-20130212/lib/gcc/avr/4.6.2/avr4/libgcc.a(_thenan_sf.o)
                                                  /usr/local/CrossPack-AVR-20130212/lib/gcc/avr/4.6.2/avr4/libgcc.a(_sf_to_si.o)
                                                  /usr/local/CrossPack-AVR-20130212/lib/gcc/avr/4.6.2/avr4/libgcc.a(_lt_sf.o)
                                                  /usr/local/CrossPack-AVR-20130212/lib/gcc/avr/4.6.2/avr4/libgcc.a(_ge_sf.o)
                                                  /usr/local/CrossPack-AVR-20130212/lib/gcc/avr/4.6.2/avr4/libgcc.a(_gt_sf.o)
                                                  /usr/local/CrossPack-AVR-20130212/lib/gcc/avr/4.6.2/avr4/libgcc.a(_mul_sf.o)
                                                  /usr/local/CrossPack-AVR-20130212/lib/gcc/avr/4.6.2/avr4/libgcc.a(_addsub_sf.o)
                                                  /usr/local/CrossPack-AVR-20130212/lib/gcc/avr/4.6.2/avr4/libgcc.a(_fixunssfsi.o)
                                                  obj/Debug/main.o
                                                  obj/Debug/fuse.o
__epilogue_restores__                             /usr/local/CrossPack-AVR-20130212/lib/gcc/avr/4.6.2/avr4/libgcc.a(_epilogue.o)
                                                  /usr/local/CrossPack-AVR-20130212/lib/gcc/avr/4.6.2/avr4/libgcc.a(_sf_to_si.o)
                                                  /usr/local/CrossPack-AVR-20130212/lib/gcc/avr/4.6.2/avr4/libgcc.a(_lt_sf.o)
                                                  /usr/local/CrossPack-AVR-20130212/lib/gcc/avr/4.6.2/avr4/libgcc.a(_ge_sf.o)
                                                  /usr/local/CrossPack-AVR-20130212/lib/gcc/avr/4.6.2/avr4/libgcc.a(_gt_sf.o)
                                                  /usr/local/CrossPack-AVR-20130212/lib/gcc/avr/4.6.2/avr4/libgcc.a(_mul_sf.o)
                                                  /usr/local/CrossPack-AVR-20130212/lib/gcc/avr/4.6.2/avr4/libgcc.a(_addsub_sf.o)
__fixsfsi                                         /usr/local/CrossPack-AVR-20130212/lib/gcc/avr/4.6.2/avr4/libgcc.a(_sf_to_si.o)
                                                  /usr/local/CrossPack-AVR-20130212/lib/gcc/avr/4.6.2/avr4/libgcc.a(_fixunssfsi.o)
__fixunssfsi                                      /usr/local/CrossPack-AVR-20130212/lib/gcc/avr/4.6.2/avr4/libgcc.a(_fixunssfsi.o)
                                                  obj/Debug/main.o
__fpcmp_parts_f                                   /usr/local/CrossPack-AVR-20130212/lib/gcc/avr/4.6.2/avr4/libgcc.a(_fpcmp_parts_sf.o)
                                                  /usr/local/CrossPack-AVR-20130212/lib/gcc/avr/4.6.2/avr4/libgcc.a(_lt_sf.o)
                                                  /usr/local/CrossPack-AVR-20130212/lib/gcc/avr/4.6.2/avr4/libgcc.a(_ge_sf.o)
                                                  /usr/local/CrossPack-AVR-20130212/lib/gcc/avr/4.6.2/avr4/libgcc.a(_gt_sf.o)
__fuse                                            obj/Debug/fuse.o
__gesf2                                           /usr/local/CrossPack-AVR-20130212/lib/gcc/avr/4.6.2/avr4/libgcc.a(_ge_sf.o)
                                                  /usr/local/CrossPack-AVR-20130212/lib/gcc/avr/4.6.2/avr4/libgcc.a(_fixunssfsi.o)
__gtsf2                                           /usr/local/CrossPack-AVR-20130212/lib/gcc/avr/4.6.2/avr4/libgcc.a(_gt_sf.o)
                                                  obj/Debug/main.o
__heap_end                                        /usr/local/CrossPack-AVR-20130212/lib/gcc/avr/4.6.2/../../../../avr/lib/avr4/crtm88pa.o
__init                                            /usr/local/CrossPack-AVR-20130212/lib/gcc/avr/4.6.2/../../../../avr/lib/avr4/crtm88pa.o
__ltsf2                                           /usr/local/CrossPack-AVR-20130212/lib/gcc/avr/4.6.2/avr4/libgcc.a(_lt_sf.o)
                                                  obj/Debug/main.o
__mulsf3                                          /usr/local/CrossPack-AVR-20130212/lib/gcc/avr/4.6.2/avr4/libgcc.a(_mul_sf.o)
                                                  obj/Debug/main.o
__pack_f                                          /usr/local/CrossPack-AVR-20130212/lib/gcc/avr/4.6.2/avr4/libgcc.a(_pack_sf.o)
                                                  /usr/local/CrossPack-AVR-20130212/lib/gcc/avr/4.6.2/avr4/libgcc.a(_mul_sf.o)
                                                  /usr/local/CrossPack-AVR-20130212/lib/gcc/avr/4.6.2/avr4/libgcc.a(_addsub_sf.o)
__prologue_saves__                                /usr/local/CrossPack-AVR-20130212/lib/gcc/avr/4.6.2/avr4/libgcc.a(_prologue.o)
                                                  /usr/local/CrossPack-AVR-20130212/lib/gcc/avr/4.6.2/avr4/libgcc.a(_sf_to_si.o)
                                                  /usr/local/CrossPack-AVR-20130212/lib/gcc/avr/4.6.2/avr4/libgcc.a(_lt_sf.o)
                                                  /usr/local/CrossPack-AVR-20130212/lib/gcc/avr/4.6.2/avr4/libgcc.a(_ge_sf.o)
                                                  /usr/local/CrossPack-AVR-20130212/lib/gcc/avr/4.6.2/avr4/libgcc.a(_gt_sf.o)
                                                  /usr/local/CrossPack-AVR-20130212/lib/gcc/avr/4.6.2/avr4/libgcc.a(_mul_sf.o)
                                                  /usr/local/CrossPack-AVR-20130212/lib/gcc/avr/4.6.2/avr4/libgcc.a(_addsub_sf.o)
__stack                                           /usr/local/CrossPack-AVR-20130212/lib/gcc/avr/4.6.2/../../../../avr/lib/avr4/crtm88pa.o
__subsf3                                          /usr/local/CrossPack-AVR-20130212/lib/gcc/avr/4.6.2/avr4/libgcc.a(_addsub_sf.o)
                                                  /usr/local/CrossPack-AVR-20130212/lib/gcc/avr/4.6.2/avr4/libgcc.a(_fixunssfsi.o)
__thenan_sf                                       /usr/local/CrossPack-AVR-20130212/lib/gcc/avr/4.6.2/avr4/libgcc.a(_thenan_sf.o)
                                                  /usr/local/CrossPack-AVR-20130212/lib/gcc/avr/4.6.2/avr4/libgcc.a(_mul_sf.o)
                                                  /usr/local/CrossPack-AVR-20130212/lib/gcc/avr/4.6.2/avr4/libgcc.a(_addsub_sf.o)
__unpack_f                                        /usr/local/CrossPack-AVR-20130212/lib/gcc/avr/4.6.2/avr4/libgcc.a(_unpack_sf.o)
                                                  /usr/local/CrossPack-AVR-20130212/lib/gcc/avr/4.6.2/avr4/libgcc.a(_sf_to_si.o)
                                                  /usr/local/CrossPack-AVR-20130212/lib/gcc/avr/4.6.2/avr4/libgcc.a(_lt_sf.o)
                                                  /usr/local/CrossPack-AVR-20130212/lib/gcc/avr/4.6.2/avr4/libgcc.a(_ge_sf.o)
                                                  /usr/local/CrossPack-AVR-20130212/lib/gcc/avr/4.6.2/avr4/libgcc.a(_gt_sf.o)
                                                  /usr/local/CrossPack-AVR-20130212/lib/gcc/avr/4.6.2/avr4/libgcc.a(_mul_sf.o)
                                                  /usr/local/CrossPack-AVR-20130212/lib/gcc/avr/4.6.2/avr4/libgcc.a(_addsub_sf.o)
__vector_1                                        /usr/local/CrossPack-AVR-20130212/lib/gcc/avr/4.6.2/../../../../avr/lib/avr4/crtm88pa.o
__vector_10                                       /usr/local/CrossPack-AVR-20130212/lib/gcc/avr/4.6.2/../../../../avr/lib/avr4/crtm88pa.o
__vector_11                                       /usr/local/CrossPack-AVR-20130212/lib/gcc/avr/4.6.2/../../../../avr/lib/avr4/crtm88pa.o
__vector_12                                       /usr/local/CrossPack-AVR-20130212/lib/gcc/avr/4.6.2/../../../../avr/lib/avr4/crtm88pa.o
__vector_13                                       /usr/local/CrossPack-AVR-20130212/lib/gcc/avr/4.6.2/../../../../avr/lib/avr4/crtm88pa.o
__vector_14                                       /usr/local/CrossPack-AVR-20130212/lib/gcc/avr/4.6.2/../../../../avr/lib/avr4/crtm88pa.o
__vector_15                                       /usr/local/CrossPack-AVR-20130212/lib/gcc/avr/4.6.2/../../../../avr/lib/avr4/crtm88pa.o
__vector_16                                       /usr/local/CrossPack-AVR-20130212/lib/gcc/avr/4.6.2/../../../../avr/lib/avr4/crtm88pa.o
__vector_17                                       /usr/local/CrossPack-AVR-20130212/lib/gcc/avr/4.6.2/../../../../avr/lib/avr4/crtm88pa.o
__vector_18                                       /usr/local/CrossPack-AVR-20130212/lib/gcc/avr/4.6.2/../../../../avr/lib/avr4/crtm88pa.o
__vector_19                                       /usr/local/CrossPack-AVR-20130212/lib/gcc/avr/4.6.2/../../../../avr/lib/avr4/crtm88pa.o
__vector_2                                        /usr/local/CrossPack-AVR-20130212/lib/gcc/avr/4.6.2/../../../../avr/lib/avr4/crtm88pa.o
__vector_20                                       /usr/local/CrossPack-AVR-20130212/lib/gcc/avr/4.6.2/../../../../avr/lib/avr4/crtm88pa.o
__vector_21                                       /usr/local/CrossPack-AVR-20130212/lib/gcc/avr/4.6.2/../../../../avr/lib/avr4/crtm88pa.o
__vector_22                                       /usr/local/CrossPack-AVR-20130212/lib/gcc/avr/4.6.2/../../../../avr/lib/avr4/crtm88pa.o
__vector_23                                       /usr/local/CrossPack-AVR-20130212/lib/gcc/avr/4.6.2/../../../../avr/lib/avr4/crtm88pa.o
__vector_24                                       /usr/local/CrossPack-AVR-20130212/lib/gcc/avr/4.6.2/../../../../avr/lib/avr4/crtm88pa.o
__vector_25                                       /usr/local/CrossPack-AVR-20130212/lib/gcc/avr/4.6.2/../../../../avr/lib/avr4/crtm88pa.o
__vector_3                                        /usr/local/CrossPack-AVR-20130212/lib/gcc/avr/4.6.2/../../../../avr/lib/avr4/crtm88pa.o
__vector_4                                        /usr/local/CrossPack-AVR-20130212/lib/gcc/avr/4.6.2/../../../../avr/lib/avr4/crtm88pa.o
__vector_5                                        /usr/local/CrossPack-AVR-20130212/lib/gcc/avr/4.6.2/../../../../avr/lib/avr4/crtm88pa.o
__vector_6                                        /usr/local/CrossPack-AVR-20130212/lib/gcc/avr/4.6.2/../../../../avr/lib/avr4/crtm88pa.o
__vector_7                                        /usr/local/CrossPack-AVR-20130212/lib/gcc/avr/4.6.2/../../../../avr/lib/avr4/crtm88pa.o
__vector_8                                        /usr/local/CrossPack-AVR-20130212/lib/gcc/avr/4.6.2/../../../../avr/lib/avr4/crtm88pa.o
__vector_9                                        /usr/local/CrossPack-AVR-20130212/lib/gcc/avr/4.6.2/../../../../avr/lib/avr4/crtm88pa.o
__vector_default                                  /usr/local/CrossPack-AVR-20130212/lib/gcc/avr/4.6.2/../../../../avr/lib/avr4/crtm88pa.o
__vectors                                         /usr/local/CrossPack-AVR-20130212/lib/gcc/avr/4.6.2/../../../../avr/lib/avr4/crtm88pa.o
_exit                                             /usr/local/CrossPack-AVR-20130212/lib/gcc/avr/4.6.2/avr4/libgcc.a(_exit.o)
exit                                              /usr/local/CrossPack-AVR-20130212/lib/gcc/avr/4.6.2/avr4/libgcc.a(_exit.o)
                                                  /usr/local/CrossPack-AVR-20130212/lib/gcc/avr/4.6.2/../../../../avr/lib/avr4/crtm88pa.o
main                                              obj/Debug/main.o
                                                  /usr/local/CrossPack-AVR-20130212/lib/gcc/avr/4.6.2/../../../../avr/lib/avr4/crtm88pa.o
oled_clear                                        obj/Debug/main.o
oled_init                                         obj/Debug/main.o
point                                             obj/Debug/main.o
switchline                                        obj/Debug/main.o
writestring                                       obj/Debug/main.o
